------------------------------------------------------------
TimeQuest Timing Analyzer Summary
------------------------------------------------------------

Type  : Slow 1100mV 85C Model Setup 'CLOCK_50'
Slack : 15.038
TNS   : 0.000

Type  : Slow 1100mV 85C Model Setup 'clk9|pll_inst|altera_pll_i|general[0].gpll~PLL_OUTPUT_COUNTER|divclk'
Slack : 107.489
TNS   : 0.000

Type  : Slow 1100mV 85C Model Hold 'clk9|pll_inst|altera_pll_i|general[0].gpll~PLL_OUTPUT_COUNTER|divclk'
Slack : 0.285
TNS   : 0.000

Type  : Slow 1100mV 85C Model Hold 'CLOCK_50'
Slack : 1.105
TNS   : 0.000

Type  : Slow 1100mV 85C Model Minimum Pulse Width 'clk9|pll_inst|altera_pll_i|general[0].gpll~FRACTIONAL_PLL|vcoph[0]'
Slack : 1.388
TNS   : 0.000

Type  : Slow 1100mV 85C Model Minimum Pulse Width 'CLOCK_50'
Slack : 8.658
TNS   : 0.000

Type  : Slow 1100mV 85C Model Minimum Pulse Width 'clk9|pll_inst|altera_pll_i|general[0].gpll~PLL_OUTPUT_COUNTER|divclk'
Slack : 54.853
TNS   : 0.000

Type  : Slow 1100mV 0C Model Setup 'CLOCK_50'
Slack : 15.215
TNS   : 0.000

Type  : Slow 1100mV 0C Model Setup 'clk9|pll_inst|altera_pll_i|general[0].gpll~PLL_OUTPUT_COUNTER|divclk'
Slack : 107.559
TNS   : 0.000

Type  : Slow 1100mV 0C Model Hold 'clk9|pll_inst|altera_pll_i|general[0].gpll~PLL_OUTPUT_COUNTER|divclk'
Slack : 0.260
TNS   : 0.000

Type  : Slow 1100mV 0C Model Hold 'CLOCK_50'
Slack : 1.054
TNS   : 0.000

Type  : Slow 1100mV 0C Model Minimum Pulse Width 'clk9|pll_inst|altera_pll_i|general[0].gpll~FRACTIONAL_PLL|vcoph[0]'
Slack : 1.388
TNS   : 0.000

Type  : Slow 1100mV 0C Model Minimum Pulse Width 'CLOCK_50'
Slack : 8.666
TNS   : 0.000

Type  : Slow 1100mV 0C Model Minimum Pulse Width 'clk9|pll_inst|altera_pll_i|general[0].gpll~PLL_OUTPUT_COUNTER|divclk'
Slack : 54.807
TNS   : 0.000

Type  : Fast 1100mV 85C Model Setup 'CLOCK_50'
Slack : 16.458
TNS   : 0.000

Type  : Fast 1100mV 85C Model Setup 'clk9|pll_inst|altera_pll_i|general[0].gpll~PLL_OUTPUT_COUNTER|divclk'
Slack : 108.996
TNS   : 0.000

Type  : Fast 1100mV 85C Model Hold 'clk9|pll_inst|altera_pll_i|general[0].gpll~PLL_OUTPUT_COUNTER|divclk'
Slack : 0.170
TNS   : 0.000

Type  : Fast 1100mV 85C Model Hold 'CLOCK_50'
Slack : 0.639
TNS   : 0.000

Type  : Fast 1100mV 85C Model Minimum Pulse Width 'clk9|pll_inst|altera_pll_i|general[0].gpll~FRACTIONAL_PLL|vcoph[0]'
Slack : 1.388
TNS   : 0.000

Type  : Fast 1100mV 85C Model Minimum Pulse Width 'CLOCK_50'
Slack : 8.607
TNS   : 0.000

Type  : Fast 1100mV 85C Model Minimum Pulse Width 'clk9|pll_inst|altera_pll_i|general[0].gpll~PLL_OUTPUT_COUNTER|divclk'
Slack : 55.106
TNS   : 0.000

Type  : Fast 1100mV 0C Model Setup 'CLOCK_50'
Slack : 16.831
TNS   : 0.000

Type  : Fast 1100mV 0C Model Setup 'clk9|pll_inst|altera_pll_i|general[0].gpll~PLL_OUTPUT_COUNTER|divclk'
Slack : 109.183
TNS   : 0.000

Type  : Fast 1100mV 0C Model Hold 'clk9|pll_inst|altera_pll_i|general[0].gpll~PLL_OUTPUT_COUNTER|divclk'
Slack : 0.154
TNS   : 0.000

Type  : Fast 1100mV 0C Model Hold 'CLOCK_50'
Slack : 0.572
TNS   : 0.000

Type  : Fast 1100mV 0C Model Minimum Pulse Width 'clk9|pll_inst|altera_pll_i|general[0].gpll~FRACTIONAL_PLL|vcoph[0]'
Slack : 1.388
TNS   : 0.000

Type  : Fast 1100mV 0C Model Minimum Pulse Width 'CLOCK_50'
Slack : 8.619
TNS   : 0.000

Type  : Fast 1100mV 0C Model Minimum Pulse Width 'clk9|pll_inst|altera_pll_i|general[0].gpll~PLL_OUTPUT_COUNTER|divclk'
Slack : 55.095
TNS   : 0.000

------------------------------------------------------------
